=== DEPLOY START 20260106_173002 ===
SITE_DIR=C:\Users\Administrator\Desktop\Learning\Production\_site
true
M	Believe/Believe_Trend_Accumulation_By_Cohort.html
M	Believe/Believe_ats.html
M	Believe/Believe_entry_distribution.html
M	Believe/Believe_nrpl.html
M	Believe/Believe_nupl.html
M	Believe/Believe_realized_price.html
M	Believe/Believe_unrealized_pl.html
M	Believe/Believe_urpd.html
M	Believe/believe_sopd.html
M	Believe/publish/believe_entity_urpd.csv
M	Believe/publish/believe_entity_urpd.html
M	Believe/publish/believe_entity_urpd_latest.html
M	Believe/publish/believe_top20_mindshare.html
M	ENA/ENA_ats.html
M	ENA/ENA_entry_distribution.html
M	ENA/ENA_realized_price.html
M	ENA/Ena_Trend_Accumulation_By_Cohort.html
M	ENA/ena_nrpl.html
M	ENA/ena_nupl.html
M	ENA/ena_sopd.html
M	ENA/ena_unrealized_pl.html
M	ENA/ena_urpd.html
M	ENA/publish/ena_entity_urpd.csv
M	ENA/publish/ena_entity_urpd.html
M	ENA/publish/ena_entity_urpd_latest.html
M	ENA/publish/ena_top20_mindshare.html
M	Eigen/EIGEN_ats.html
M	Eigen/EIGEN_entry_distribution.html
M	Eigen/EIGEN_realized_price.html
M	Eigen/Eigen_Trend_Accumulation_By_Cohort.html
M	Eigen/eigen_nrpl.html
M	Eigen/eigen_nupl.html
M	Eigen/eigen_sopd.html
M	Eigen/eigen_unrealized_pl.html
M	Eigen/eigen_urpd.html
M	Eigen/publish/eigen_entity_urpd.csv
M	Eigen/publish/eigen_entity_urpd.html
M	Eigen/publish/eigen_entity_urpd_latest.html
M	Eigen/publish/eigen_top20_mindshare.html
M	ICM/ICM_ats.html
M	ICM/ICM_entry_distribution.html
M	ICM/ICM_nrpl.html
M	ICM/ICM_nupl.html
M	ICM/ICM_realized_price.html
M	ICM/ICM_unrealized_pl.html
M	ICM/ICM_urpd.html
M	ICM/Icm_Trend_Accumulation_By_Cohort.html
M	ICM/icm_sopd.html
M	ICM/publish/icm_entity_urpd.csv
M	ICM/publish/icm_entity_urpd.html
M	ICM/publish/icm_entity_urpd_latest.html
M	ICM/publish/icm_top20_mindshare.html
M	IO/IO_ats.html
M	IO/IO_entry_distribution.html
M	IO/IO_realized_price.html
M	IO/Io_Trend_Accumulation_By_Cohort.html
M	IO/io_nrpl.html
M	IO/io_nupl.html
M	IO/io_sopd.html
M	IO/io_unrealized_pl.html
M	IO/io_urpd.html
M	IO/publish/io_entity_urpd.csv
M	IO/publish/io_entity_urpd.html
M	IO/publish/io_entity_urpd_latest.html
M	IO/publish/io_top20_mindshare.html
M	Link/LINK_ats.html
M	Link/LINK_entry_distribution.html
M	Link/LINK_realized_price.html
M	Link/Link_Trend_Accumulation_By_Cohort.html
M	Link/link_nrpl.html
M	Link/link_nupl.html
M	Link/link_sopd.html
M	Link/link_unrealized_pl.html
M	Link/link_urpd.html
M	Link/publish/link_entity_urpd.csv
M	Link/publish/link_entity_urpd.html
M	Link/publish/link_entity_urpd_latest.html
M	Link/publish/link_top20_mindshare.html
M	Moca/MOCA_ats.html
M	Moca/MOCA_entry_distribution.html
M	Moca/MOCA_realized_price.html
M	Moca/Moca_Trend_Accumulation_By_Cohort.html
M	Moca/moca_nrpl.html
M	Moca/moca_nupl.html
M	Moca/moca_sopd.html
M	Moca/moca_unrealized_pl.html
M	Moca/moca_urpd.html
M	Moca/publish/moca_entity_urpd.csv
M	Moca/publish/moca_entity_urpd.html
M	Moca/publish/moca_entity_urpd_latest.html
M	Moca/publish/moca_top20_mindshare.html
M	Near/NEAR_Trend_Accumulation_By_Cohort.html
M	Near/NEAR_ats.html
M	Near/NEAR_entry_distribution.html
M	Near/NEAR_nrpl.html
M	Near/NEAR_nupl.html
M	Near/NEAR_realized_price.html
M	Near/NEAR_sopd.html
M	Near/NEAR_unrealized_pl.html
M	Near/NEAR_urpd.html
M	Near/publish/near_entity_urpd.csv
M	Near/publish/near_entity_urpd.html
M	Near/publish/near_entity_urpd_latest.html
M	Near/publish/near_top20_mindshare.html
M	Ondo/ONDO_ats.html
M	Ondo/ONDO_entry_distribution.html
M	Ondo/ONDO_realized_price.html
M	Ondo/Ondo_Trend_Accumulation_By_Cohort.html
M	Ondo/ondo_nrpl.html
M	Ondo/ondo_nupl.html
M	Ondo/ondo_sopd.html
M	Ondo/ondo_unrealized_pl.html
M	Ondo/ondo_urpd.html
M	Ondo/publish/ondo_entity_urpd.csv
M	Ondo/publish/ondo_entity_urpd.html
M	Ondo/publish/ondo_entity_urpd_latest.html
M	Ondo/publish/ondo_top20_mindshare.html
M	Switch/Switch_Trend_Accumulation_By_Cohort.html
M	Switch/Switch_ats.html
M	Switch/Switch_entry_distribution.html
M	Switch/Switch_nrpl.html
M	Switch/Switch_nupl.html
M	Switch/Switch_realized_price.html
M	Switch/Switch_unrealized_pl.html
M	Switch/Switch_urpd.html
M	Switch/publish/switch_entity_urpd.csv
M	Switch/publish/switch_entity_urpd.html
M	Switch/publish/switch_entity_urpd_latest.html
M	Switch/publish/switch_top20_mindshare.html
M	Switch/switch_sopd.html
M	Syrup/SYRUP_ats.html
M	Syrup/SYRUP_entry_distribution.html
M	Syrup/SYRUP_realized_price.html
M	Syrup/Syrup_Trend_Accumulation_By_Cohort.html
M	Syrup/publish/syrup_entity_urpd.csv
M	Syrup/publish/syrup_entity_urpd.html
M	Syrup/publish/syrup_entity_urpd_latest.html
M	Syrup/publish/syrup_top20_mindshare.html
M	Syrup/syrup_nrpl.html
M	Syrup/syrup_nupl.html
M	Syrup/syrup_sopd.html
M	Syrup/syrup_unrealized_pl.html
M	Syrup/syrup_urpd.html
M	WLD/WLD_ats.html
M	WLD/WLD_entry_distribution.html
M	WLD/WLD_realized_price.html
M	WLD/Wld_Trend_Accumulation_By_Cohort.html
M	WLD/publish/wld_entity_urpd.csv
M	WLD/publish/wld_entity_urpd.html
M	WLD/publish/wld_entity_urpd_latest.html
M	WLD/publish/wld_top20_mindshare.html
M	WLD/wld_nrpl.html
M	WLD/wld_nupl.html
M	WLD/wld_sopd.html
M	WLD/wld_unrealized_pl.html
M	WLD/wld_urpd.html
M	index.html
Your branch is up to date with 'origin/gh-pages'.
Already on 'gh-pages'
warning: in the working copy of 'logs/deploy_latest.log', LF will be replaced by CRLF the next time Git touches it
[gh-pages 6a15cd6] deploy 20260106_173002
 197 files changed, 145463 insertions(+), 19585 deletions(-)
 create mode 100644 Arkm/ARKM_ats.html
 create mode 100644 Arkm/ARKM_entry_distribution.html
 create mode 100644 Arkm/ARKM_realized_price.html
 create mode 100644 Arkm/Arkm_Trend_Accumulation_By_Cohort.html
 create mode 100644 Arkm/arkm_nrpl.html
 create mode 100644 Arkm/arkm_nupl.html
 create mode 100644 Arkm/arkm_sopd.html
 create mode 100644 Arkm/arkm_unrealized_pl.html
 create mode 100644 Arkm/arkm_urpd.html
 create mode 100644 Arkm/publish/arkm_entity_urpd.csv
 create mode 100644 Arkm/publish/arkm_entity_urpd.html
 create mode 100644 Arkm/publish/arkm_entity_urpd_latest.html
 create mode 100644 Arkm/publish/arkm_top20_mindshare.html
 create mode 100644 Bio/BIO_ats.html
 create mode 100644 Bio/BIO_entry_distribution.html
 create mode 100644 Bio/BIO_realized_price.html
 create mode 100644 Bio/Bio_Trend_Accumulation_By_Cohort.html
 create mode 100644 Bio/bio_nrpl.html
 create mode 100644 Bio/bio_nupl.html
 create mode 100644 Bio/bio_sopd.html
 create mode 100644 Bio/bio_unrealized_pl.html
 create mode 100644 Bio/bio_urpd.html
 create mode 100644 Bio/publish/bio_entity_urpd.csv
 create mode 100644 Bio/publish/bio_entity_urpd.html
 create mode 100644 Bio/publish/bio_entity_urpd_latest.html
 create mode 100644 Bio/publish/bio_top20_mindshare.html
 create mode 100644 Wormhole/WORMHOLE_ats.html
 create mode 100644 Wormhole/WORMHOLE_entry_distribution.html
 create mode 100644 Wormhole/WORMHOLE_realized_price.html
 create mode 100644 Wormhole/Wormhole_Trend_Accumulation_By_Cohort.html
 create mode 100644 Wormhole/publish/wormhole_entity_urpd.csv
 create mode 100644 Wormhole/publish/wormhole_entity_urpd.html
 create mode 100644 Wormhole/publish/wormhole_entity_urpd_latest.html
 create mode 100644 Wormhole/publish/wormhole_top20_mindshare.html
 create mode 100644 Wormhole/wormhole_nrpl.html
 create mode 100644 Wormhole/wormhole_nupl.html
 create mode 100644 Wormhole/wormhole_sopd.html
 create mode 100644 Wormhole/wormhole_unrealized_pl.html
 create mode 100644 Wormhole/wormhole_urpd.html
 create mode 100644 logs/deploy_latest.log
[INFO] git push attempt 1/3 ...
remote: warning: See https://gh.io/lfs for more information.        
remote: warning: File Link/link_sopd.html is 60.79 MB; this is larger than GitHub's recommended maximum file size of 50.00 MB        
remote: warning: GH001: Large files detected. You may want to try Git Large File Storage - https://git-lfs.github.com.        
To https://github.com/Quanhandsome/hoangquan-onchain.git
   2da680b..6a15cd6  gh-pages -> gh-pages
[OK] Deployed to GitHub Pages.
=== DEPLOY DONE ===
=== DEPLOY START 20260107_140502 ===
SITE_DIR=C:\Users\Administrator\Desktop\Learning\Production\_site
true
M	Arkm/ARKM_ats.html
M	Arkm/ARKM_entry_distribution.html
M	Arkm/ARKM_realized_price.html
M	Arkm/Arkm_Trend_Accumulation_By_Cohort.html
M	Arkm/arkm_nrpl.html
M	Arkm/arkm_nupl.html
M	Arkm/arkm_sopd.html
M	Arkm/arkm_unrealized_pl.html
M	Arkm/arkm_urpd.html
M	Arkm/publish/arkm_entity_urpd.csv
M	Arkm/publish/arkm_entity_urpd.html
M	Arkm/publish/arkm_entity_urpd_latest.html
M	Arkm/publish/arkm_top20_mindshare.html
M	Believe/Believe_Trend_Accumulation_By_Cohort.html
M	Believe/Believe_ats.html
M	Believe/Believe_entry_distribution.html
M	Believe/Believe_nrpl.html
M	Believe/Believe_nupl.html
M	Believe/Believe_realized_price.html
M	Believe/Believe_unrealized_pl.html
M	Believe/Believe_urpd.html
M	Believe/believe_sopd.html
M	Believe/publish/believe_entity_urpd.csv
M	Believe/publish/believe_entity_urpd.html
M	Believe/publish/believe_entity_urpd_latest.html
M	Believe/publish/believe_top20_mindshare.html
M	Bio/BIO_ats.html
M	Bio/BIO_entry_distribution.html
M	Bio/BIO_realized_price.html
M	Bio/Bio_Trend_Accumulation_By_Cohort.html
M	Bio/bio_nrpl.html
M	Bio/bio_nupl.html
M	Bio/bio_sopd.html
M	Bio/bio_unrealized_pl.html
M	Bio/bio_urpd.html
M	Bio/publish/bio_entity_urpd.csv
M	Bio/publish/bio_entity_urpd.html
M	Bio/publish/bio_entity_urpd_latest.html
M	Bio/publish/bio_top20_mindshare.html
M	ENA/ENA_ats.html
M	ENA/ENA_entry_distribution.html
M	ENA/ENA_realized_price.html
M	ENA/Ena_Trend_Accumulation_By_Cohort.html
M	ENA/ena_nrpl.html
M	ENA/ena_nupl.html
M	ENA/ena_sopd.html
M	ENA/ena_unrealized_pl.html
M	ENA/ena_urpd.html
M	ENA/publish/ena_entity_urpd.csv
M	ENA/publish/ena_entity_urpd.html
M	ENA/publish/ena_entity_urpd_latest.html
M	ENA/publish/ena_top20_mindshare.html
M	Eigen/EIGEN_ats.html
M	Eigen/EIGEN_entry_distribution.html
M	Eigen/EIGEN_realized_price.html
M	Eigen/Eigen_Trend_Accumulation_By_Cohort.html
M	Eigen/eigen_nrpl.html
M	Eigen/eigen_nupl.html
M	Eigen/eigen_sopd.html
M	Eigen/eigen_unrealized_pl.html
M	Eigen/eigen_urpd.html
M	Eigen/publish/eigen_entity_urpd.csv
M	Eigen/publish/eigen_entity_urpd.html
M	Eigen/publish/eigen_entity_urpd_latest.html
M	Eigen/publish/eigen_top20_mindshare.html
M	ICM/ICM_ats.html
M	ICM/ICM_entry_distribution.html
M	ICM/ICM_nrpl.html
M	ICM/ICM_nupl.html
M	ICM/ICM_realized_price.html
M	ICM/ICM_unrealized_pl.html
M	ICM/ICM_urpd.html
M	ICM/Icm_Trend_Accumulation_By_Cohort.html
M	ICM/icm_sopd.html
M	ICM/publish/icm_entity_urpd.csv
M	ICM/publish/icm_entity_urpd.html
M	ICM/publish/icm_entity_urpd_latest.html
M	ICM/publish/icm_top20_mindshare.html
M	IO/IO_ats.html
M	IO/IO_entry_distribution.html
M	IO/IO_realized_price.html
M	IO/Io_Trend_Accumulation_By_Cohort.html
M	IO/io_nrpl.html
M	IO/io_nupl.html
M	IO/io_sopd.html
M	IO/io_unrealized_pl.html
M	IO/io_urpd.html
M	IO/publish/io_entity_urpd.csv
M	IO/publish/io_entity_urpd.html
M	IO/publish/io_entity_urpd_latest.html
M	IO/publish/io_top20_mindshare.html
M	Link/LINK_ats.html
M	Link/LINK_entry_distribution.html
M	Link/LINK_realized_price.html
M	Link/Link_Trend_Accumulation_By_Cohort.html
M	Link/link_nrpl.html
M	Link/link_nupl.html
M	Link/link_sopd.html
M	Link/link_unrealized_pl.html
M	Link/link_urpd.html
M	Link/publish/link_entity_urpd.csv
M	Link/publish/link_entity_urpd.html
M	Link/publish/link_entity_urpd_latest.html
M	Link/publish/link_top20_mindshare.html
M	Moca/MOCA_ats.html
M	Moca/MOCA_entry_distribution.html
M	Moca/MOCA_realized_price.html
M	Moca/Moca_Trend_Accumulation_By_Cohort.html
M	Moca/moca_nrpl.html
M	Moca/moca_nupl.html
M	Moca/moca_sopd.html
M	Moca/moca_unrealized_pl.html
M	Moca/moca_urpd.html
M	Moca/publish/moca_entity_urpd.csv
M	Moca/publish/moca_entity_urpd.html
M	Moca/publish/moca_entity_urpd_latest.html
M	Moca/publish/moca_top20_mindshare.html
M	Near/NEAR_Trend_Accumulation_By_Cohort.html
M	Near/NEAR_ats.html
M	Near/NEAR_entry_distribution.html
M	Near/NEAR_nrpl.html
M	Near/NEAR_nupl.html
M	Near/NEAR_realized_price.html
M	Near/NEAR_sopd.html
M	Near/NEAR_unrealized_pl.html
M	Near/NEAR_urpd.html
M	Near/publish/near_entity_urpd.csv
M	Near/publish/near_entity_urpd.html
M	Near/publish/near_entity_urpd_latest.html
M	Near/publish/near_top20_mindshare.html
M	Ondo/ONDO_ats.html
M	Ondo/ONDO_entry_distribution.html
M	Ondo/ONDO_realized_price.html
M	Ondo/Ondo_Trend_Accumulation_By_Cohort.html
M	Ondo/ondo_nrpl.html
M	Ondo/ondo_nupl.html
M	Ondo/ondo_sopd.html
M	Ondo/ondo_unrealized_pl.html
M	Ondo/ondo_urpd.html
M	Ondo/publish/ondo_entity_urpd.csv
M	Ondo/publish/ondo_entity_urpd.html
M	Ondo/publish/ondo_entity_urpd_latest.html
M	Ondo/publish/ondo_top20_mindshare.html
M	Switch/Switch_Trend_Accumulation_By_Cohort.html
M	Switch/Switch_ats.html
M	Switch/Switch_entry_distribution.html
M	Switch/Switch_nrpl.html
M	Switch/Switch_nupl.html
M	Switch/Switch_realized_price.html
M	Switch/Switch_unrealized_pl.html
M	Switch/Switch_urpd.html
M	Switch/publish/switch_entity_urpd.csv
M	Switch/publish/switch_entity_urpd.html
M	Switch/publish/switch_entity_urpd_latest.html
M	Switch/publish/switch_top20_mindshare.html
M	Switch/switch_sopd.html
M	Syrup/SYRUP_ats.html
M	Syrup/SYRUP_entry_distribution.html
M	Syrup/SYRUP_realized_price.html
M	Syrup/Syrup_Trend_Accumulation_By_Cohort.html
M	Syrup/publish/syrup_entity_urpd.csv
M	Syrup/publish/syrup_entity_urpd.html
M	Syrup/publish/syrup_entity_urpd_latest.html
M	Syrup/publish/syrup_top20_mindshare.html
M	Syrup/syrup_nrpl.html
M	Syrup/syrup_nupl.html
M	Syrup/syrup_sopd.html
M	Syrup/syrup_unrealized_pl.html
M	Syrup/syrup_urpd.html
M	WLD/WLD_ats.html
M	WLD/WLD_entry_distribution.html
M	WLD/WLD_realized_price.html
M	WLD/Wld_Trend_Accumulation_By_Cohort.html
M	WLD/publish/wld_entity_urpd.csv
M	WLD/publish/wld_entity_urpd.html
M	WLD/publish/wld_entity_urpd_latest.html
M	WLD/publish/wld_top20_mindshare.html
M	WLD/wld_nrpl.html
M	WLD/wld_nupl.html
M	WLD/wld_sopd.html
M	WLD/wld_unrealized_pl.html
M	WLD/wld_urpd.html
M	Wormhole/WORMHOLE_ats.html
M	Wormhole/WORMHOLE_entry_distribution.html
M	Wormhole/WORMHOLE_realized_price.html
M	Wormhole/Wormhole_Trend_Accumulation_By_Cohort.html
M	Wormhole/publish/wormhole_entity_urpd.csv
M	Wormhole/publish/wormhole_entity_urpd.html
M	Wormhole/publish/wormhole_entity_urpd_latest.html
M	Wormhole/publish/wormhole_top20_mindshare.html
M	Wormhole/wormhole_nrpl.html
M	Wormhole/wormhole_nupl.html
M	Wormhole/wormhole_sopd.html
M	Wormhole/wormhole_unrealized_pl.html
M	Wormhole/wormhole_urpd.html
M	index.html
M	logs/deploy_latest.log
Your branch is up to date with 'origin/gh-pages'.
Already on 'gh-pages'
warning: in the working copy of 'logs/deploy_latest.log', LF will be replaced by CRLF the next time Git touches it
[gh-pages d59d4d7] deploy 20260107_140502
 197 files changed, 9939 insertions(+), 8836 deletions(-)
[INFO] git push attempt 1/3 ...
remote: warning: See https://gh.io/lfs for more information.        
remote: warning: File Link/link_sopd.html is 61.76 MB; this is larger than GitHub's recommended maximum file size of 50.00 MB        
remote: warning: GH001: Large files detected. You may want to try Git Large File Storage - https://git-lfs.github.com.        
To https://github.com/Quanhandsome/hoangquan-onchain.git
   6a15cd6..d59d4d7  gh-pages -> gh-pages
[OK] Deployed to GitHub Pages.
=== DEPLOY DONE ===
=== DEPLOY START 20260108_140503 ===
SITE_DIR=C:\Users\Administrator\Desktop\Learning\Production\_site
true
M	Arkm/ARKM_ats.html
M	Arkm/ARKM_entry_distribution.html
M	Arkm/ARKM_realized_price.html
M	Arkm/Arkm_Trend_Accumulation_By_Cohort.html
M	Arkm/arkm_nrpl.html
M	Arkm/arkm_nupl.html
M	Arkm/arkm_sopd.html
M	Arkm/arkm_unrealized_pl.html
M	Arkm/arkm_urpd.html
M	Arkm/publish/arkm_entity_urpd.csv
M	Arkm/publish/arkm_entity_urpd.html
M	Arkm/publish/arkm_entity_urpd_latest.html
M	Arkm/publish/arkm_top20_mindshare.html
M	Believe/Believe_Trend_Accumulation_By_Cohort.html
M	Believe/Believe_ats.html
M	Believe/Believe_entry_distribution.html
M	Believe/Believe_nrpl.html
M	Believe/Believe_nupl.html
M	Believe/Believe_realized_price.html
M	Believe/Believe_unrealized_pl.html
M	Believe/Believe_urpd.html
M	Believe/believe_sopd.html
M	Believe/publish/believe_entity_urpd.csv
M	Believe/publish/believe_entity_urpd.html
M	Believe/publish/believe_entity_urpd_latest.html
M	Believe/publish/believe_top20_mindshare.html
M	Bio/BIO_ats.html
M	Bio/BIO_entry_distribution.html
M	Bio/BIO_realized_price.html
M	Bio/Bio_Trend_Accumulation_By_Cohort.html
M	Bio/bio_nrpl.html
M	Bio/bio_nupl.html
M	Bio/bio_sopd.html
M	Bio/bio_unrealized_pl.html
M	Bio/bio_urpd.html
M	Bio/publish/bio_entity_urpd.csv
M	Bio/publish/bio_entity_urpd.html
M	Bio/publish/bio_entity_urpd_latest.html
M	Bio/publish/bio_top20_mindshare.html
M	ENA/ENA_ats.html
M	ENA/ENA_entry_distribution.html
M	ENA/ENA_realized_price.html
M	ENA/Ena_Trend_Accumulation_By_Cohort.html
M	ENA/ena_nrpl.html
M	ENA/ena_nupl.html
M	ENA/ena_sopd.html
M	ENA/ena_unrealized_pl.html
M	ENA/ena_urpd.html
M	ENA/publish/ena_entity_urpd.csv
M	ENA/publish/ena_entity_urpd.html
M	ENA/publish/ena_entity_urpd_latest.html
M	ENA/publish/ena_top20_mindshare.html
M	Eigen/EIGEN_ats.html
M	Eigen/EIGEN_entry_distribution.html
M	Eigen/EIGEN_realized_price.html
M	Eigen/Eigen_Trend_Accumulation_By_Cohort.html
M	Eigen/eigen_nrpl.html
M	Eigen/eigen_nupl.html
M	Eigen/eigen_sopd.html
M	Eigen/eigen_unrealized_pl.html
M	Eigen/eigen_urpd.html
M	Eigen/publish/eigen_entity_urpd.csv
M	Eigen/publish/eigen_entity_urpd.html
M	Eigen/publish/eigen_entity_urpd_latest.html
M	Eigen/publish/eigen_top20_mindshare.html
M	ICM/ICM_ats.html
M	ICM/ICM_entry_distribution.html
M	ICM/ICM_nrpl.html
M	ICM/ICM_nupl.html
M	ICM/ICM_realized_price.html
M	ICM/ICM_unrealized_pl.html
M	ICM/ICM_urpd.html
M	ICM/Icm_Trend_Accumulation_By_Cohort.html
M	ICM/icm_sopd.html
M	ICM/publish/icm_entity_urpd.csv
M	ICM/publish/icm_entity_urpd.html
M	ICM/publish/icm_entity_urpd_latest.html
M	ICM/publish/icm_top20_mindshare.html
M	IO/IO_ats.html
M	IO/IO_entry_distribution.html
M	IO/IO_realized_price.html
M	IO/Io_Trend_Accumulation_By_Cohort.html
M	IO/io_nrpl.html
M	IO/io_nupl.html
M	IO/io_sopd.html
M	IO/io_unrealized_pl.html
M	IO/io_urpd.html
M	IO/publish/io_entity_urpd.csv
M	IO/publish/io_entity_urpd.html
M	IO/publish/io_entity_urpd_latest.html
M	IO/publish/io_top20_mindshare.html
M	Link/LINK_ats.html
M	Link/LINK_entry_distribution.html
M	Link/LINK_realized_price.html
M	Link/Link_Trend_Accumulation_By_Cohort.html
M	Link/link_nrpl.html
M	Link/link_nupl.html
M	Link/link_sopd.html
M	Link/link_unrealized_pl.html
M	Link/link_urpd.html
M	Link/publish/link_entity_urpd.csv
M	Link/publish/link_entity_urpd.html
M	Link/publish/link_entity_urpd_latest.html
M	Link/publish/link_top20_mindshare.html
M	Moca/MOCA_ats.html
M	Moca/MOCA_entry_distribution.html
M	Moca/MOCA_realized_price.html
M	Moca/Moca_Trend_Accumulation_By_Cohort.html
M	Moca/moca_nrpl.html
M	Moca/moca_nupl.html
M	Moca/moca_sopd.html
M	Moca/moca_unrealized_pl.html
M	Moca/moca_urpd.html
M	Moca/publish/moca_entity_urpd.csv
M	Moca/publish/moca_entity_urpd.html
M	Moca/publish/moca_entity_urpd_latest.html
M	Moca/publish/moca_top20_mindshare.html
M	Near/NEAR_Trend_Accumulation_By_Cohort.html
M	Near/NEAR_ats.html
M	Near/NEAR_entry_distribution.html
M	Near/NEAR_nrpl.html
M	Near/NEAR_nupl.html
M	Near/NEAR_realized_price.html
M	Near/NEAR_sopd.html
M	Near/NEAR_unrealized_pl.html
M	Near/NEAR_urpd.html
M	Near/publish/near_entity_urpd.csv
M	Near/publish/near_entity_urpd.html
M	Near/publish/near_entity_urpd_latest.html
M	Near/publish/near_top20_mindshare.html
M	Ondo/ONDO_ats.html
M	Ondo/ONDO_entry_distribution.html
M	Ondo/ONDO_realized_price.html
M	Ondo/Ondo_Trend_Accumulation_By_Cohort.html
M	Ondo/ondo_nrpl.html
M	Ondo/ondo_nupl.html
M	Ondo/ondo_sopd.html
M	Ondo/ondo_unrealized_pl.html
M	Ondo/ondo_urpd.html
M	Ondo/publish/ondo_entity_urpd.csv
M	Ondo/publish/ondo_entity_urpd.html
M	Ondo/publish/ondo_entity_urpd_latest.html
M	Ondo/publish/ondo_top20_mindshare.html
M	Switch/Switch_Trend_Accumulation_By_Cohort.html
M	Switch/Switch_ats.html
M	Switch/Switch_entry_distribution.html
M	Switch/Switch_nrpl.html
M	Switch/Switch_nupl.html
M	Switch/Switch_realized_price.html
M	Switch/Switch_unrealized_pl.html
M	Switch/Switch_urpd.html
M	Switch/publish/switch_entity_urpd.csv
M	Switch/publish/switch_entity_urpd.html
M	Switch/publish/switch_entity_urpd_latest.html
M	Switch/publish/switch_top20_mindshare.html
M	Switch/switch_sopd.html
M	Syrup/SYRUP_ats.html
M	Syrup/SYRUP_entry_distribution.html
M	Syrup/SYRUP_realized_price.html
M	Syrup/Syrup_Trend_Accumulation_By_Cohort.html
M	Syrup/publish/syrup_entity_urpd.csv
M	Syrup/publish/syrup_entity_urpd.html
M	Syrup/publish/syrup_entity_urpd_latest.html
M	Syrup/publish/syrup_top20_mindshare.html
M	Syrup/syrup_nrpl.html
M	Syrup/syrup_nupl.html
M	Syrup/syrup_sopd.html
M	Syrup/syrup_unrealized_pl.html
M	Syrup/syrup_urpd.html
M	WLD/WLD_ats.html
M	WLD/WLD_entry_distribution.html
M	WLD/WLD_realized_price.html
M	WLD/Wld_Trend_Accumulation_By_Cohort.html
M	WLD/publish/wld_entity_urpd.csv
M	WLD/publish/wld_entity_urpd.html
M	WLD/publish/wld_entity_urpd_latest.html
M	WLD/publish/wld_top20_mindshare.html
M	WLD/wld_nrpl.html
M	WLD/wld_nupl.html
M	WLD/wld_sopd.html
M	WLD/wld_unrealized_pl.html
M	WLD/wld_urpd.html
M	Wormhole/WORMHOLE_ats.html
M	Wormhole/WORMHOLE_entry_distribution.html
M	Wormhole/WORMHOLE_realized_price.html
M	Wormhole/Wormhole_Trend_Accumulation_By_Cohort.html
M	Wormhole/publish/wormhole_entity_urpd.csv
M	Wormhole/publish/wormhole_entity_urpd.html
M	Wormhole/publish/wormhole_entity_urpd_latest.html
M	Wormhole/publish/wormhole_top20_mindshare.html
M	Wormhole/wormhole_nrpl.html
M	Wormhole/wormhole_nupl.html
M	Wormhole/wormhole_sopd.html
M	Wormhole/wormhole_unrealized_pl.html
M	Wormhole/wormhole_urpd.html
M	index.html
M	logs/deploy_latest.log
Your branch is up to date with 'origin/gh-pages'.
Already on 'gh-pages'
warning: in the working copy of 'logs/deploy_latest.log', LF will be replaced by CRLF the next time Git touches it
[gh-pages b1b57b0] deploy 20260108_140503
 197 files changed, 9477 insertions(+), 8514 deletions(-)
[INFO] git push attempt 1/3 ...
remote: warning: See https://gh.io/lfs for more information.        
remote: warning: File Link/link_sopd.html is 61.93 MB; this is larger than GitHub's recommended maximum file size of 50.00 MB        
remote: warning: GH001: Large files detected. You may want to try Git Large File Storage - https://git-lfs.github.com.        
To https://github.com/Quanhandsome/hoangquan-onchain.git
   d59d4d7..b1b57b0  gh-pages -> gh-pages
[OK] Deployed to GitHub Pages.
=== DEPLOY DONE ===
=== DEPLOY START 20260109_140502 ===
SITE_DIR=C:\Users\Administrator\Desktop\Learning\Production\_site
true
M	Arkm/ARKM_ats.html
M	Arkm/ARKM_entry_distribution.html
M	Arkm/ARKM_realized_price.html
M	Arkm/Arkm_Trend_Accumulation_By_Cohort.html
M	Arkm/arkm_nrpl.html
M	Arkm/arkm_nupl.html
M	Arkm/arkm_sopd.html
M	Arkm/arkm_unrealized_pl.html
M	Arkm/arkm_urpd.html
M	Arkm/publish/arkm_entity_urpd.csv
M	Arkm/publish/arkm_entity_urpd.html
M	Arkm/publish/arkm_entity_urpd_latest.html
M	Arkm/publish/arkm_top20_mindshare.html
M	Believe/Believe_Trend_Accumulation_By_Cohort.html
M	Believe/Believe_ats.html
M	Believe/Believe_entry_distribution.html
M	Believe/Believe_nrpl.html
M	Believe/Believe_nupl.html
M	Believe/Believe_realized_price.html
M	Believe/Believe_unrealized_pl.html
M	Believe/Believe_urpd.html
M	Believe/believe_sopd.html
M	Believe/publish/believe_entity_urpd.csv
M	Believe/publish/believe_entity_urpd.html
M	Believe/publish/believe_entity_urpd_latest.html
M	Believe/publish/believe_top20_mindshare.html
M	Bio/BIO_ats.html
M	Bio/BIO_entry_distribution.html
M	Bio/BIO_realized_price.html
M	Bio/Bio_Trend_Accumulation_By_Cohort.html
M	Bio/bio_nrpl.html
M	Bio/bio_nupl.html
M	Bio/bio_sopd.html
M	Bio/bio_unrealized_pl.html
M	Bio/bio_urpd.html
M	Bio/publish/bio_entity_urpd.csv
M	Bio/publish/bio_entity_urpd.html
M	Bio/publish/bio_entity_urpd_latest.html
M	Bio/publish/bio_top20_mindshare.html
M	ENA/ENA_ats.html
M	ENA/ENA_entry_distribution.html
M	ENA/ENA_realized_price.html
M	ENA/Ena_Trend_Accumulation_By_Cohort.html
M	ENA/ena_nrpl.html
M	ENA/ena_nupl.html
M	ENA/ena_sopd.html
M	ENA/ena_unrealized_pl.html
M	ENA/ena_urpd.html
M	ENA/publish/ena_entity_urpd.csv
M	ENA/publish/ena_entity_urpd.html
M	ENA/publish/ena_entity_urpd_latest.html
M	ENA/publish/ena_top20_mindshare.html
M	Eigen/EIGEN_ats.html
M	Eigen/EIGEN_entry_distribution.html
M	Eigen/EIGEN_realized_price.html
M	Eigen/Eigen_Trend_Accumulation_By_Cohort.html
M	Eigen/eigen_nrpl.html
M	Eigen/eigen_nupl.html
M	Eigen/eigen_sopd.html
M	Eigen/eigen_unrealized_pl.html
M	Eigen/eigen_urpd.html
M	Eigen/publish/eigen_entity_urpd.csv
M	Eigen/publish/eigen_entity_urpd.html
M	Eigen/publish/eigen_entity_urpd_latest.html
M	Eigen/publish/eigen_top20_mindshare.html
M	ICM/ICM_ats.html
M	ICM/ICM_entry_distribution.html
M	ICM/ICM_nrpl.html
M	ICM/ICM_nupl.html
M	ICM/ICM_realized_price.html
M	ICM/ICM_unrealized_pl.html
M	ICM/ICM_urpd.html
M	ICM/Icm_Trend_Accumulation_By_Cohort.html
M	ICM/icm_sopd.html
M	ICM/publish/icm_entity_urpd.csv
M	ICM/publish/icm_entity_urpd.html
M	ICM/publish/icm_entity_urpd_latest.html
M	ICM/publish/icm_top20_mindshare.html
M	IO/IO_ats.html
M	IO/IO_entry_distribution.html
M	IO/IO_realized_price.html
M	IO/Io_Trend_Accumulation_By_Cohort.html
M	IO/io_nrpl.html
M	IO/io_nupl.html
M	IO/io_sopd.html
M	IO/io_unrealized_pl.html
M	IO/io_urpd.html
M	IO/publish/io_entity_urpd.csv
M	IO/publish/io_entity_urpd.html
M	IO/publish/io_entity_urpd_latest.html
M	IO/publish/io_top20_mindshare.html
M	Link/LINK_ats.html
M	Link/LINK_entry_distribution.html
M	Link/LINK_realized_price.html
M	Link/Link_Trend_Accumulation_By_Cohort.html
M	Link/link_nrpl.html
M	Link/link_nupl.html
M	Link/link_sopd.html
M	Link/link_unrealized_pl.html
M	Link/link_urpd.html
M	Link/publish/link_entity_urpd.csv
M	Link/publish/link_entity_urpd.html
M	Link/publish/link_entity_urpd_latest.html
M	Link/publish/link_top20_mindshare.html
M	Moca/MOCA_ats.html
M	Moca/MOCA_entry_distribution.html
M	Moca/MOCA_realized_price.html
M	Moca/Moca_Trend_Accumulation_By_Cohort.html
M	Moca/moca_nrpl.html
M	Moca/moca_nupl.html
M	Moca/moca_sopd.html
M	Moca/moca_unrealized_pl.html
M	Moca/moca_urpd.html
M	Moca/publish/moca_entity_urpd.csv
M	Moca/publish/moca_entity_urpd.html
M	Moca/publish/moca_entity_urpd_latest.html
M	Moca/publish/moca_top20_mindshare.html
M	Near/NEAR_Trend_Accumulation_By_Cohort.html
M	Near/NEAR_ats.html
M	Near/NEAR_entry_distribution.html
M	Near/NEAR_nrpl.html
M	Near/NEAR_nupl.html
M	Near/NEAR_realized_price.html
M	Near/NEAR_sopd.html
M	Near/NEAR_unrealized_pl.html
M	Near/NEAR_urpd.html
M	Near/publish/near_entity_urpd.csv
M	Near/publish/near_entity_urpd.html
M	Near/publish/near_entity_urpd_latest.html
M	Near/publish/near_top20_mindshare.html
M	Ondo/ONDO_ats.html
M	Ondo/ONDO_entry_distribution.html
M	Ondo/ONDO_realized_price.html
M	Ondo/Ondo_Trend_Accumulation_By_Cohort.html
M	Ondo/ondo_nrpl.html
M	Ondo/ondo_nupl.html
M	Ondo/ondo_sopd.html
M	Ondo/ondo_unrealized_pl.html
M	Ondo/ondo_urpd.html
M	Ondo/publish/ondo_entity_urpd.csv
M	Ondo/publish/ondo_entity_urpd.html
M	Ondo/publish/ondo_entity_urpd_latest.html
M	Ondo/publish/ondo_top20_mindshare.html
M	Switch/Switch_Trend_Accumulation_By_Cohort.html
M	Switch/Switch_ats.html
M	Switch/Switch_entry_distribution.html
M	Switch/Switch_nrpl.html
M	Switch/Switch_nupl.html
M	Switch/Switch_realized_price.html
M	Switch/Switch_unrealized_pl.html
M	Switch/Switch_urpd.html
M	Switch/publish/switch_entity_urpd.csv
M	Switch/publish/switch_entity_urpd.html
M	Switch/publish/switch_entity_urpd_latest.html
M	Switch/publish/switch_top20_mindshare.html
M	Switch/switch_sopd.html
M	Syrup/SYRUP_ats.html
M	Syrup/SYRUP_entry_distribution.html
M	Syrup/SYRUP_realized_price.html
M	Syrup/Syrup_Trend_Accumulation_By_Cohort.html
M	Syrup/publish/syrup_entity_urpd.csv
M	Syrup/publish/syrup_entity_urpd.html
M	Syrup/publish/syrup_entity_urpd_latest.html
M	Syrup/publish/syrup_top20_mindshare.html
M	Syrup/syrup_nrpl.html
M	Syrup/syrup_nupl.html
M	Syrup/syrup_sopd.html
M	Syrup/syrup_unrealized_pl.html
M	Syrup/syrup_urpd.html
M	WLD/WLD_ats.html
M	WLD/WLD_entry_distribution.html
M	WLD/WLD_realized_price.html
M	WLD/Wld_Trend_Accumulation_By_Cohort.html
M	WLD/publish/wld_entity_urpd.csv
M	WLD/publish/wld_entity_urpd.html
M	WLD/publish/wld_entity_urpd_latest.html
M	WLD/publish/wld_top20_mindshare.html
M	WLD/wld_nrpl.html
M	WLD/wld_nupl.html
M	WLD/wld_sopd.html
M	WLD/wld_unrealized_pl.html
M	WLD/wld_urpd.html
M	Wormhole/WORMHOLE_ats.html
M	Wormhole/WORMHOLE_entry_distribution.html
M	Wormhole/WORMHOLE_realized_price.html
M	Wormhole/Wormhole_Trend_Accumulation_By_Cohort.html
M	Wormhole/publish/wormhole_entity_urpd.csv
M	Wormhole/publish/wormhole_entity_urpd.html
M	Wormhole/publish/wormhole_entity_urpd_latest.html
M	Wormhole/publish/wormhole_top20_mindshare.html
M	Wormhole/wormhole_nrpl.html
M	Wormhole/wormhole_nupl.html
M	Wormhole/wormhole_sopd.html
M	Wormhole/wormhole_unrealized_pl.html
M	Wormhole/wormhole_urpd.html
M	index.html
M	logs/deploy_latest.log
Your branch is up to date with 'origin/gh-pages'.
Already on 'gh-pages'
warning: in the working copy of 'logs/deploy_latest.log', LF will be replaced by CRLF the next time Git touches it
[gh-pages c40327a] deploy 20260109_140502
 197 files changed, 9545 insertions(+), 8582 deletions(-)
[INFO] git push attempt 1/3 ...
remote: warning: See https://gh.io/lfs for more information.        
remote: warning: File Link/link_sopd.html is 61.70 MB; this is larger than GitHub's recommended maximum file size of 50.00 MB        
remote: warning: GH001: Large files detected. You may want to try Git Large File Storage - https://git-lfs.github.com.        
To https://github.com/Quanhandsome/hoangquan-onchain.git
   b1b57b0..c40327a  gh-pages -> gh-pages
[OK] Deployed to GitHub Pages.
=== DEPLOY DONE ===
=== DEPLOY START 20260110_140502 ===
SITE_DIR=C:\Users\Administrator\Desktop\Learning\Production\_site
true
M	Arkm/ARKM_ats.html
M	Arkm/ARKM_entry_distribution.html
M	Arkm/ARKM_realized_price.html
M	Arkm/Arkm_Trend_Accumulation_By_Cohort.html
M	Arkm/arkm_nrpl.html
M	Arkm/arkm_nupl.html
M	Arkm/arkm_sopd.html
M	Arkm/arkm_unrealized_pl.html
M	Arkm/arkm_urpd.html
M	Arkm/publish/arkm_entity_urpd.csv
M	Arkm/publish/arkm_entity_urpd.html
M	Arkm/publish/arkm_entity_urpd_latest.html
M	Arkm/publish/arkm_top20_mindshare.html
M	Believe/Believe_Trend_Accumulation_By_Cohort.html
M	Believe/Believe_ats.html
M	Believe/Believe_entry_distribution.html
M	Believe/Believe_nrpl.html
M	Believe/Believe_nupl.html
M	Believe/Believe_realized_price.html
M	Believe/Believe_unrealized_pl.html
M	Believe/Believe_urpd.html
M	Believe/believe_sopd.html
M	Believe/publish/believe_entity_urpd.csv
M	Believe/publish/believe_entity_urpd.html
M	Believe/publish/believe_entity_urpd_latest.html
M	Believe/publish/believe_top20_mindshare.html
M	Bio/BIO_ats.html
M	Bio/BIO_entry_distribution.html
M	Bio/BIO_realized_price.html
M	Bio/Bio_Trend_Accumulation_By_Cohort.html
M	Bio/bio_nrpl.html
M	Bio/bio_nupl.html
M	Bio/bio_sopd.html
M	Bio/bio_unrealized_pl.html
M	Bio/bio_urpd.html
M	Bio/publish/bio_entity_urpd.csv
M	Bio/publish/bio_entity_urpd.html
M	Bio/publish/bio_entity_urpd_latest.html
M	Bio/publish/bio_top20_mindshare.html
M	ENA/ENA_ats.html
M	ENA/ENA_entry_distribution.html
M	ENA/ENA_realized_price.html
M	ENA/Ena_Trend_Accumulation_By_Cohort.html
M	ENA/ena_nrpl.html
M	ENA/ena_nupl.html
M	ENA/ena_sopd.html
M	ENA/ena_unrealized_pl.html
M	ENA/ena_urpd.html
M	ENA/publish/ena_entity_urpd.csv
M	ENA/publish/ena_entity_urpd.html
M	ENA/publish/ena_entity_urpd_latest.html
M	ENA/publish/ena_top20_mindshare.html
M	Eigen/EIGEN_ats.html
M	Eigen/EIGEN_entry_distribution.html
M	Eigen/EIGEN_realized_price.html
M	Eigen/Eigen_Trend_Accumulation_By_Cohort.html
M	Eigen/eigen_nrpl.html
M	Eigen/eigen_nupl.html
M	Eigen/eigen_sopd.html
M	Eigen/eigen_unrealized_pl.html
M	Eigen/eigen_urpd.html
M	Eigen/publish/eigen_entity_urpd.csv
M	Eigen/publish/eigen_entity_urpd.html
M	Eigen/publish/eigen_entity_urpd_latest.html
M	Eigen/publish/eigen_top20_mindshare.html
M	ICM/ICM_ats.html
M	ICM/ICM_entry_distribution.html
M	ICM/ICM_nrpl.html
M	ICM/ICM_nupl.html
M	ICM/ICM_realized_price.html
M	ICM/ICM_unrealized_pl.html
M	ICM/ICM_urpd.html
M	ICM/Icm_Trend_Accumulation_By_Cohort.html
M	ICM/icm_sopd.html
M	ICM/publish/icm_entity_urpd.csv
M	ICM/publish/icm_entity_urpd.html
M	ICM/publish/icm_entity_urpd_latest.html
M	ICM/publish/icm_top20_mindshare.html
M	IO/IO_ats.html
M	IO/IO_entry_distribution.html
M	IO/IO_realized_price.html
M	IO/Io_Trend_Accumulation_By_Cohort.html
M	IO/io_nrpl.html
M	IO/io_nupl.html
M	IO/io_sopd.html
M	IO/io_unrealized_pl.html
M	IO/io_urpd.html
M	IO/publish/io_entity_urpd.csv
M	IO/publish/io_entity_urpd.html
M	IO/publish/io_entity_urpd_latest.html
M	IO/publish/io_top20_mindshare.html
M	Link/LINK_ats.html
M	Link/LINK_entry_distribution.html
M	Link/LINK_realized_price.html
M	Link/Link_Trend_Accumulation_By_Cohort.html
M	Link/link_nrpl.html
M	Link/link_nupl.html
M	Link/link_sopd.html
M	Link/link_unrealized_pl.html
M	Link/link_urpd.html
M	Link/publish/link_entity_urpd.csv
M	Link/publish/link_entity_urpd.html
M	Link/publish/link_entity_urpd_latest.html
M	Link/publish/link_top20_mindshare.html
M	Moca/MOCA_ats.html
M	Moca/MOCA_entry_distribution.html
M	Moca/MOCA_realized_price.html
M	Moca/Moca_Trend_Accumulation_By_Cohort.html
M	Moca/moca_nrpl.html
M	Moca/moca_nupl.html
M	Moca/moca_sopd.html
M	Moca/moca_unrealized_pl.html
M	Moca/moca_urpd.html
M	Moca/publish/moca_entity_urpd.csv
M	Moca/publish/moca_entity_urpd.html
M	Moca/publish/moca_entity_urpd_latest.html
M	Moca/publish/moca_top20_mindshare.html
M	Near/NEAR_Trend_Accumulation_By_Cohort.html
M	Near/NEAR_ats.html
M	Near/NEAR_entry_distribution.html
M	Near/NEAR_nrpl.html
M	Near/NEAR_nupl.html
M	Near/NEAR_realized_price.html
M	Near/NEAR_sopd.html
M	Near/NEAR_unrealized_pl.html
M	Near/NEAR_urpd.html
M	Near/publish/near_entity_urpd.csv
M	Near/publish/near_entity_urpd.html
M	Near/publish/near_entity_urpd_latest.html
M	Near/publish/near_top20_mindshare.html
M	Ondo/ONDO_ats.html
M	Ondo/ONDO_entry_distribution.html
M	Ondo/ONDO_realized_price.html
M	Ondo/Ondo_Trend_Accumulation_By_Cohort.html
M	Ondo/ondo_nrpl.html
M	Ondo/ondo_nupl.html
M	Ondo/ondo_sopd.html
M	Ondo/ondo_unrealized_pl.html
M	Ondo/ondo_urpd.html
M	Ondo/publish/ondo_entity_urpd.csv
M	Ondo/publish/ondo_entity_urpd.html
M	Ondo/publish/ondo_entity_urpd_latest.html
M	Ondo/publish/ondo_top20_mindshare.html
M	Switch/Switch_Trend_Accumulation_By_Cohort.html
M	Switch/Switch_ats.html
M	Switch/Switch_entry_distribution.html
M	Switch/Switch_nrpl.html
M	Switch/Switch_nupl.html
M	Switch/Switch_realized_price.html
M	Switch/Switch_unrealized_pl.html
M	Switch/Switch_urpd.html
M	Switch/publish/switch_entity_urpd.csv
M	Switch/publish/switch_entity_urpd.html
M	Switch/publish/switch_entity_urpd_latest.html
M	Switch/publish/switch_top20_mindshare.html
M	Switch/switch_sopd.html
M	Syrup/SYRUP_ats.html
M	Syrup/SYRUP_entry_distribution.html
M	Syrup/SYRUP_realized_price.html
M	Syrup/Syrup_Trend_Accumulation_By_Cohort.html
M	Syrup/publish/syrup_entity_urpd.csv
M	Syrup/publish/syrup_entity_urpd.html
M	Syrup/publish/syrup_entity_urpd_latest.html
M	Syrup/publish/syrup_top20_mindshare.html
M	Syrup/syrup_nrpl.html
M	Syrup/syrup_nupl.html
M	Syrup/syrup_sopd.html
M	Syrup/syrup_unrealized_pl.html
M	Syrup/syrup_urpd.html
M	WLD/WLD_ats.html
M	WLD/WLD_entry_distribution.html
M	WLD/WLD_realized_price.html
M	WLD/Wld_Trend_Accumulation_By_Cohort.html
M	WLD/publish/wld_entity_urpd.csv
M	WLD/publish/wld_entity_urpd.html
M	WLD/publish/wld_entity_urpd_latest.html
M	WLD/publish/wld_top20_mindshare.html
M	WLD/wld_nrpl.html
M	WLD/wld_nupl.html
M	WLD/wld_sopd.html
M	WLD/wld_unrealized_pl.html
M	WLD/wld_urpd.html
M	Wormhole/WORMHOLE_ats.html
M	Wormhole/WORMHOLE_entry_distribution.html
M	Wormhole/WORMHOLE_realized_price.html
M	Wormhole/Wormhole_Trend_Accumulation_By_Cohort.html
M	Wormhole/publish/wormhole_entity_urpd.csv
M	Wormhole/publish/wormhole_entity_urpd.html
M	Wormhole/publish/wormhole_entity_urpd_latest.html
M	Wormhole/publish/wormhole_top20_mindshare.html
M	Wormhole/wormhole_nrpl.html
M	Wormhole/wormhole_nupl.html
M	Wormhole/wormhole_sopd.html
M	Wormhole/wormhole_unrealized_pl.html
M	Wormhole/wormhole_urpd.html
M	index.html
M	logs/deploy_latest.log
Your branch is up to date with 'origin/gh-pages'.
Already on 'gh-pages'
warning: in the working copy of 'logs/deploy_latest.log', LF will be replaced by CRLF the next time Git touches it
[gh-pages 38dd288] deploy 20260110_140502
 197 files changed, 9463 insertions(+), 8550 deletions(-)
[INFO] git push attempt 1/3 ...
remote: warning: See https://gh.io/lfs for more information.        
remote: warning: File Link/link_sopd.html is 61.88 MB; this is larger than GitHub's recommended maximum file size of 50.00 MB        
remote: warning: GH001: Large files detected. You may want to try Git Large File Storage - https://git-lfs.github.com.        
To https://github.com/Quanhandsome/hoangquan-onchain.git
   c40327a..38dd288  gh-pages -> gh-pages
[OK] Deployed to GitHub Pages.
=== DEPLOY DONE ===
=== DEPLOY START 20260111_140502 ===
SITE_DIR=C:\Users\Administrator\Desktop\Learning\Production\_site
true
M	Arkm/ARKM_ats.html
M	Arkm/ARKM_entry_distribution.html
M	Arkm/ARKM_realized_price.html
M	Arkm/Arkm_Trend_Accumulation_By_Cohort.html
M	Arkm/arkm_nrpl.html
M	Arkm/arkm_nupl.html
M	Arkm/arkm_sopd.html
M	Arkm/arkm_unrealized_pl.html
M	Arkm/arkm_urpd.html
M	Arkm/publish/arkm_entity_urpd.csv
M	Arkm/publish/arkm_entity_urpd.html
M	Arkm/publish/arkm_entity_urpd_latest.html
M	Arkm/publish/arkm_top20_mindshare.html
M	Believe/Believe_Trend_Accumulation_By_Cohort.html
M	Believe/Believe_ats.html
M	Believe/Believe_entry_distribution.html
M	Believe/Believe_nrpl.html
M	Believe/Believe_nupl.html
M	Believe/Believe_realized_price.html
M	Believe/Believe_unrealized_pl.html
M	Believe/Believe_urpd.html
M	Believe/believe_sopd.html
M	Believe/publish/believe_entity_urpd.csv
M	Believe/publish/believe_entity_urpd.html
M	Believe/publish/believe_entity_urpd_latest.html
M	Believe/publish/believe_top20_mindshare.html
M	Bio/BIO_ats.html
M	Bio/BIO_entry_distribution.html
M	Bio/BIO_realized_price.html
M	Bio/Bio_Trend_Accumulation_By_Cohort.html
M	Bio/bio_nrpl.html
M	Bio/bio_nupl.html
M	Bio/bio_sopd.html
M	Bio/bio_unrealized_pl.html
M	Bio/bio_urpd.html
M	Bio/publish/bio_entity_urpd.csv
M	Bio/publish/bio_entity_urpd.html
M	Bio/publish/bio_entity_urpd_latest.html
M	Bio/publish/bio_top20_mindshare.html
M	ENA/ENA_ats.html
M	ENA/ENA_entry_distribution.html
M	ENA/ENA_realized_price.html
M	ENA/Ena_Trend_Accumulation_By_Cohort.html
M	ENA/ena_nrpl.html
M	ENA/ena_nupl.html
M	ENA/ena_sopd.html
M	ENA/ena_unrealized_pl.html
M	ENA/ena_urpd.html
M	ENA/publish/ena_entity_urpd.csv
M	ENA/publish/ena_entity_urpd.html
M	ENA/publish/ena_entity_urpd_latest.html
M	ENA/publish/ena_top20_mindshare.html
M	Eigen/EIGEN_ats.html
M	Eigen/EIGEN_entry_distribution.html
M	Eigen/EIGEN_realized_price.html
M	Eigen/Eigen_Trend_Accumulation_By_Cohort.html
M	Eigen/eigen_nrpl.html
M	Eigen/eigen_nupl.html
M	Eigen/eigen_sopd.html
M	Eigen/eigen_unrealized_pl.html
M	Eigen/eigen_urpd.html
M	Eigen/publish/eigen_entity_urpd.csv
M	Eigen/publish/eigen_entity_urpd.html
M	Eigen/publish/eigen_entity_urpd_latest.html
M	Eigen/publish/eigen_top20_mindshare.html
M	ICM/ICM_ats.html
M	ICM/ICM_entry_distribution.html
M	ICM/ICM_nrpl.html
M	ICM/ICM_nupl.html
M	ICM/ICM_realized_price.html
M	ICM/ICM_unrealized_pl.html
M	ICM/ICM_urpd.html
M	ICM/Icm_Trend_Accumulation_By_Cohort.html
M	ICM/icm_sopd.html
M	ICM/publish/icm_entity_urpd.csv
M	ICM/publish/icm_entity_urpd.html
M	ICM/publish/icm_entity_urpd_latest.html
M	ICM/publish/icm_top20_mindshare.html
M	IO/IO_ats.html
M	IO/IO_entry_distribution.html
M	IO/IO_realized_price.html
M	IO/Io_Trend_Accumulation_By_Cohort.html
M	IO/io_nrpl.html
M	IO/io_nupl.html
M	IO/io_sopd.html
M	IO/io_unrealized_pl.html
M	IO/io_urpd.html
M	IO/publish/io_entity_urpd.csv
M	IO/publish/io_entity_urpd.html
M	IO/publish/io_entity_urpd_latest.html
M	IO/publish/io_top20_mindshare.html
M	Link/LINK_ats.html
M	Link/LINK_entry_distribution.html
M	Link/LINK_realized_price.html
M	Link/Link_Trend_Accumulation_By_Cohort.html
M	Link/link_nrpl.html
M	Link/link_nupl.html
M	Link/link_sopd.html
M	Link/link_unrealized_pl.html
M	Link/link_urpd.html
M	Link/publish/link_entity_urpd.csv
M	Link/publish/link_entity_urpd.html
M	Link/publish/link_entity_urpd_latest.html
M	Link/publish/link_top20_mindshare.html
M	Moca/MOCA_ats.html
M	Moca/MOCA_entry_distribution.html
M	Moca/MOCA_realized_price.html
M	Moca/Moca_Trend_Accumulation_By_Cohort.html
M	Moca/moca_nrpl.html
M	Moca/moca_nupl.html
M	Moca/moca_sopd.html
M	Moca/moca_unrealized_pl.html
M	Moca/moca_urpd.html
M	Moca/publish/moca_entity_urpd.csv
M	Moca/publish/moca_entity_urpd.html
M	Moca/publish/moca_entity_urpd_latest.html
M	Moca/publish/moca_top20_mindshare.html
M	Near/NEAR_Trend_Accumulation_By_Cohort.html
M	Near/NEAR_ats.html
M	Near/NEAR_entry_distribution.html
M	Near/NEAR_nrpl.html
M	Near/NEAR_nupl.html
M	Near/NEAR_realized_price.html
M	Near/NEAR_sopd.html
M	Near/NEAR_unrealized_pl.html
M	Near/NEAR_urpd.html
M	Near/publish/near_entity_urpd.csv
M	Near/publish/near_entity_urpd.html
M	Near/publish/near_entity_urpd_latest.html
M	Near/publish/near_top20_mindshare.html
M	Ondo/ONDO_ats.html
M	Ondo/ONDO_entry_distribution.html
M	Ondo/ONDO_realized_price.html
M	Ondo/Ondo_Trend_Accumulation_By_Cohort.html
M	Ondo/ondo_nrpl.html
M	Ondo/ondo_nupl.html
M	Ondo/ondo_sopd.html
M	Ondo/ondo_unrealized_pl.html
M	Ondo/ondo_urpd.html
M	Ondo/publish/ondo_entity_urpd.csv
M	Ondo/publish/ondo_entity_urpd.html
M	Ondo/publish/ondo_entity_urpd_latest.html
M	Ondo/publish/ondo_top20_mindshare.html
M	Switch/Switch_Trend_Accumulation_By_Cohort.html
M	Switch/Switch_ats.html
M	Switch/Switch_entry_distribution.html
M	Switch/Switch_nrpl.html
M	Switch/Switch_nupl.html
M	Switch/Switch_realized_price.html
M	Switch/Switch_unrealized_pl.html
M	Switch/Switch_urpd.html
M	Switch/publish/switch_entity_urpd.csv
M	Switch/publish/switch_entity_urpd.html
M	Switch/publish/switch_entity_urpd_latest.html
M	Switch/publish/switch_top20_mindshare.html
M	Switch/switch_sopd.html
M	Syrup/SYRUP_ats.html
M	Syrup/SYRUP_entry_distribution.html
M	Syrup/SYRUP_realized_price.html
M	Syrup/Syrup_Trend_Accumulation_By_Cohort.html
M	Syrup/publish/syrup_entity_urpd.csv
M	Syrup/publish/syrup_entity_urpd.html
M	Syrup/publish/syrup_entity_urpd_latest.html
M	Syrup/publish/syrup_top20_mindshare.html
M	Syrup/syrup_nrpl.html
M	Syrup/syrup_nupl.html
M	Syrup/syrup_sopd.html
M	Syrup/syrup_unrealized_pl.html
M	Syrup/syrup_urpd.html
M	WLD/WLD_ats.html
M	WLD/WLD_entry_distribution.html
M	WLD/WLD_realized_price.html
M	WLD/Wld_Trend_Accumulation_By_Cohort.html
M	WLD/publish/wld_entity_urpd.csv
M	WLD/publish/wld_entity_urpd.html
M	WLD/publish/wld_entity_urpd_latest.html
M	WLD/publish/wld_top20_mindshare.html
M	WLD/wld_nrpl.html
M	WLD/wld_nupl.html
M	WLD/wld_sopd.html
M	WLD/wld_unrealized_pl.html
M	WLD/wld_urpd.html
M	Wormhole/WORMHOLE_ats.html
M	Wormhole/WORMHOLE_entry_distribution.html
M	Wormhole/WORMHOLE_realized_price.html
M	Wormhole/Wormhole_Trend_Accumulation_By_Cohort.html
M	Wormhole/publish/wormhole_entity_urpd.csv
M	Wormhole/publish/wormhole_entity_urpd.html
M	Wormhole/publish/wormhole_entity_urpd_latest.html
M	Wormhole/publish/wormhole_top20_mindshare.html
M	Wormhole/wormhole_nrpl.html
M	Wormhole/wormhole_nupl.html
M	Wormhole/wormhole_sopd.html
M	Wormhole/wormhole_unrealized_pl.html
M	Wormhole/wormhole_urpd.html
M	index.html
M	logs/deploy_latest.log
Your branch is up to date with 'origin/gh-pages'.
Already on 'gh-pages'
